spoon-a.jpg*
frog-a.jpg*
26466347.thl.jpg*
A_flower.jpg*
26432109.thl.jpg*
26467460.thl.jpg*
A1991CHE7.jpg*
ignitionkey01.jpg*
cd2-a.jpg*
8055181.thl.jpg*
ALOVSEA10.jpg*
Aleaf74.jpg*
Adecorati133.jpg*
26434546.thl.jpg*
Adiamondring3.jpg*
26464872.thl.jpg*
Aconcreteblo3.jpg*
26465824.thl.jpg*
AARMCHA25.jpg*
26432899.thl.jpg*
B_orange.jpg*
Misc-26441176.thl.jpg*
26431734.thl.jpg*
AWIG10.jpg*
AARTIHAN5.jpg*
ABATHTUB3.jpg*
ADRESS2.jpg*
AARCCHAR2.jpg*
AAT7.jpg*
Aflamingo4.jpg*
AWINTGLO3.jpg*
AWINTSOC2.jpg*
peaceful-grassland-wallpaper_1024x768_8144.jpg
ACAT6.jpg*
ABROOM11.jpg*
marshmallows.jpg*
swimming_pool.jpg*
potatomr.jpg*
Ababybottle15.jpg*
Adustpanbrus4.jpg*
Agarbagebag.jpg*
ACRIB18.jpg*
Adustpanbrush.jpg*
Apersonsfoot.jpg*
snail.jpg*
AHCONGADR.jpg*
babyswig.jpg*
AROCKET20.jpg*
mechanicalspring.jpg*
AOVEN.jpg*
Atoyblocks.jpg*
AALTIRE2.jpg*
AANTSTO12.jpg*
Aglass43.jpg*
Acamera101.jpg*
ASTAR.jpg*
Awhistl15.jpg*
Acomputerkey2.jpg*
Apenguin2.jpg*
Abucket51.jpg*
M15589.jpg*
Areindeer2.jpg*
Apig5.jpg*
Ahorse23.jpg*
Asafetyrope.jpg*
Afish57.jpg*
Acrabwalking.jpg*
Alock34.jpg*
Asign7.jpg*
Aconchshe.jpg*
catslglol.jpg*
Acartonofegg3.jpg*
moto.jpg*
AWILDPIG.jpg*
Abaseballcap.jpg*
Ajewisho2.jpg*
basketball.JPG*
Achildsplaype.jpg*
